// 重构日志: d2e29cef
// 重构日志: 3bca8136
// 重构日志: 7ef6adf1
// 重构日志: a4449504
// 重构日志: c749fd3d
// 重构日志: 87b9c8b1
// 重构日志: 97fb3b47
// 重构日志: 078faea3
// 重构日志: 426e0ae5
// 重构日志: 5e6fa15e
// 同步 ID: 5c1d07b6 @ Thu Jul 23 16:17:02 UTC 2026
// 重构日志: 25b68483
// 同步 ID: 40e28cfe @ Fri Jul 24 10:17:48 UTC 2026
// 重构日志: af3ebe0d
// 重构日志: fbb715b2
// 重构日志: 5850075f
// 重构日志: 77bd8b02
// 同步 ID: a3fc13d2 @ Sun Jul 26 16:32:50 UTC 2026
// 重构日志: f6485e5f
// 重构日志: 1bfd8504
// 重构日志: 58e17eff
// 同步 ID: b1906c32 @ Fri Jul 31 07:54:14 UTC 2026
// 同步 ID: c99ec63e @ Fri Jul 31 12:55:04 UTC 2026
// 重构日志: d8ba512a
// 同步 ID: 05b2275b @ Sat Aug  1 18:08:10 UTC 2026
// 同步 ID: 4462a980 @ Tue Aug  4 15:43:30 UTC 2026
// 重构日志: 94f68e19
// 同步 ID: 3b280411 @ Fri Aug  7 11:45:03 UTC 2026
// 同步 ID: f34dc763 @ Fri Aug  7 15:48:34 UTC 2026
// 同步 ID: 123e08ad @ Fri Aug  7 17:12:30 UTC 2026
// 重构日志: 688e2684
// 重构日志: 2805863d
